HEAD
DELETE
TRACE
CONNECT
HELP
PURGE
RESUME
SEARCH
MERGE
LOCK
UNLOCK
SYNC
ARCHIVE
CLONE
ROLLBACK
EXECUTE
INTROSPECT
NONSENSE
ST
BAN
ACL
PLOP
BREW
DEBUG
REPORT
DISMISS
PROPFIND
FASTLYPURGE
PURGESINGLE
SHOWHEADERS
CHECKIN
CHECKOUT
COPY
INDEX
LINK
MKCOL
MOVE
ORDERPATCH
PROPPATCH
SHOWMETHOD
SPACEJUMP
TEXTSEARCH
TRACK
UNCHECKOUT
UNLINK
VERSION-CONTROL
MKWORKSPACE
UPDATE
LABEL
BASELINE-CONTROL
MKACTIVITY
ARBITRARY
BIND
MKCALENDAR
MKREDIRECTREF
PRI
QUERY
REBIND
UNBIND
UPDATEREDIRECTREF
CMD
COMMAND
SUBSCRIBE
UNSUBSCRIBE
NOTIFY
POLL
INVALID
BADMETHOD
EXPLOIT
ADMIN
ROOT
BACKDOOR
SHELL
EXEC
EVAL
INCLUDE
REQUIRE
IMPORT
LOAD
DUMP
BACKUP
RESTORE
RESET
FLUSH
CLEAR
WIPE
DESTROY
KILL
TERMINATE
ABORT
CANCEL
STOP
HALT
PAUSE
SUSPEND
CONTINUE
RETRY
REDO
UNDO
REVERT
COMMIT
SAVE
STORE
CACHE
PREFETCH
PRELOAD
REFRESH
RELOAD
RENEW
REPAIR
FIX
HEAL
RECOVER
RESCUE
ESCAPE
BYPASS
OVERRIDE
FORCE
PUSH
PULL
FETCH
GRAB
TAKE
GIVE
SEND
RECV
RECEIVE
ACCEPT
REJECT
DENY
ALLOW
PERMIT
GRANT
REVOKE
AUTHORIZE
AUTHENTICATE
LOGIN
LOGOUT
SIGNIN
SIGNOUT
REGISTER
UNREGISTER