Accept
Accept-Application
Accept-Charset
Accept-Encoding
Accept-Encodxng
Accept-Language
Accept-Ranges
Accept-Version
Accepted
Access-Control-Allow-Credentials
Access-Control-Allow-Headers
Access-Control-Allow-Methods
Access-Control-Allow-Origin
Access-Control-Expose-Headers
Access-Control-Max-Age
Access-Control-Request-Headers
Access-Control-Request-Method
Access-Token
Accesskey
Action
Admin
Age
Ajax
Akamai-Origin-Hop
Allow
App
App-Env
App-Key
Appcookie
Apply-To-Redirect-Ref
Appname
Appversion
Atcept-Language
Auth
Auth-Any
Auth-Basic
Auth-Digest
Auth-Digest-Ie
Auth-Gssneg
Auth-Key
Auth-Ntlm
Auth-Password
Auth-Realm
Auth-Type
Auth-User
Authentication
Authorization
Bad-Gateway
Bad-Request
Bae-Env-Addr-Bcms
Bae-Env-Addr-Bcs
Bae-Env-Addr-Bus
Bae-Env-Addr-Channel
Bae-Env-Addr-Sql-Ip
Bae-Env-Addr-Sql-Port
Bae-Env-Ak
Bae-Env-Appid
Bae-Env-Sk
Bae-Logid
Bar
Base
Base-Url
Basic
Bearer-Indication
Body-Maxlength
Body-Truncated
Brief
Browser-User-Agent
Cache-Control
Cache-Info
Case-Files
Catalog
Catalog-Server
Category
Cert-Cookie
Cert-Flags
Cert-Issuer
Cert-Keysize
Cert-Secretkeysize
Cert-Serialnumber
Cert-Server-Issuer
Cert-Server-Subject
Cert-Subject
Cf-Connecting-Ip
Cf-Ipcountry
Cf-Template-Path
Cf-Visitor
Ch
Challenge-Response
Charset
Chunk-Size
Client
Client-Address
Client-Bad-Request
Client-Conflict
Client-Error-Cannot-Access-Local-File
Client-Error-Cannot-Connect
Client-Error-Communication-Failure
Client-Error-Connect
Client-Error-Invalid-Parameters
Client-Error-Invalid-Server-Address
Client-Error-No-Error
Client-Error-Protocol-Failure
Client-Error-Unspecified-Error
Client-Expectation-Failed
Client-Forbidden
Client-Gone
Client-Ip
Client-Length-Required
Client-Method-Not-Allowed
Client-Not-Acceptable
Client-Not-Found
Client-Payment-Required
Client-Precondition-Failed
Client-Proxy-Auth-Required
Client-Quirk-Mode
Client-Request-Timeout
Client-Request-Too-Large
Client-Request-Uri-Too-Large
Client-Requested-Range-Not-Possible
Client-Unauthorized
Client-Unsupported-Media-Type
Clientaddress
Clientip
Cloudfront-Viewer-Country
Cloudinary-Name
Cloudinary-Public-Id
Cloudinary-Version
Cloudinaryurl
Code
Coming-From
Compress
Conflict
Connection
Connection-Type
Contact
Content
Content-Disposition
Content-Encoding
Content-Language
Content-Length
Content-Location
Content-Md5
Content-Range
Content-Security-Policy
Content-Security-Policy-Report-Only
Content-Type
Content-Type-Xhtml
Context-Path
Continue
Cookie
Cookie-Domain
Cookie-Httponly
Cookie-Parse-Raw
Cookie-Path
Cookie-Secure
Cookie-Vars
Cookie2
Cookies
Core-Base
Created
Credentials-Filepath
Curl
Curl-Multithreaded
Custom-Header
Custom-Secret-Header
Dataserviceversion
Date
Debug
Deflate-Level-Def
Deflate-Level-Max
Deflate-Level-Min
Deflate-Strategy-Def
Deflate-Strategy-Filt
Deflate-Strategy-Fixed
Deflate-Strategy-Huff
Deflate-Strategy-Rle
Deflate-Type-Gzip
Deflate-Type-Raw
Deflate-Type-Zlib
Delete
Depth
Destination
Destroy
Devblocksproxybase
Devblocksproxyhost
Devblocksproxyssl
Device-Stock-Ua
Digest
Dir
Dir-Name
Dir-Resource
Disable-Gzip
Dkim-Signature
Dnt
Download-Attachment
Download-Bad-Url
Download-Bz2
Download-Cut-Short
Download-E-Headers-Sent
Download-E-Invalid-Archive-Type
Download-E-Invalid-Content-Type
Download-E-Invalid-File
Download-E-Invalid-Param
Download-E-Invalid-Request
Download-E-Invalid-Resource
Download-E-No-Ext-Mmagic
Download-E-No-Ext-Zlib
Download-Inline
Download-Mime-Type
Download-No-Server
Download-Size
Download-Status-Not-Found
Download-Status-Server-Error
Download-Status-Unauthorized
Download-Status-Unknown
Download-Tar
Download-Tgz
Download-Url
Download-Zip
E-Encoding
E-Header
E-Invalid-Param
E-Malformed-Headers
E-Message-Type
E-Querystring
E-Request
E-Request-Method
E-Request-Pool
E-Response
E-Runtime
E-Socket
E-Url
Enable-Gzip
Enable-No-Cache-Headers
Encoding-Stream-Flush-Full
Encoding-Stream-Flush-None
Encoding-Stream-Flush-Sync
Env-Silla-Environment
Env-Vars
Error
Error-1
Error-2
Error-3
Error-4
Error-Formatting-Html
Espo-Authorization
Espo-Cgi-Auth
Etag
Eve-Charid
Eve-Charname
Eve-Solarsystemid
Eve-Solarsystemname
Eve-Trusted
Ex-Copy-Movie
Expect
Expectation-Failed
Expires
Ext
Failed-Dependency
Fake-Header
Fastly-Client-Ip
Fb-Appid
Fb-Secret
File-Not-Found
Filename
Files
Files-Vars
Fire-Breathing-Dragon
Foo
Foo-Bar
Forbidden
Force-Language
Force-Local-Xhprof
Format
Forwarded
Forwarded-For
Forwarded-For-Ip
Forwarded-Proto
From
Fromlink
Front-End-Https
Gateway-Interface
Gateway-Time-Out
Get
Get-Vars
Givenname
Global-All
Global-Cookie
Global-Get
Global-Post
Gone
Google-Code-Project-Hosting-Hook-Hmac
Gzip-Level
H0st
Head
Header
Header-Lf
Header-Status-Client-Error
Header-Status-Informational
Header-Status-Redirect
Header-Status-Server-Error
Header-Status-Successful
Home
Host
Host-Liveserver
Host-Name
Host-Unavailable
Hosti
Htaccess
Http-Accept
Http-Accept-Encoding
Http-Accept-Language
Http-Authorization
Http-Connection
Http-Cookie
Http-Host
Http-Phone-Number
Http-Referer
Http-Url
Http-User-Agent
Https
Https-From-Lb
Https-Keysize
Https-Secretkeysize
Https-Server-Issuer
Https-Server-Subject
If
If-Match
If-Modified-Since
If-Modified-Since-Version
If-None-Match
If-Posted-Before
If-Range
If-Unmodified-Since
If-Unmodified-Since-Version
Image
Images
Incap-Client-Ip
Info
Info-Download-Size
Info-Download-Time
Info-Return-Code
Info-Total-Request-Stat
Info-Total-Response-Stat
Insufficient-Storage
Internal-Server-Error
Ipresolve-Any
Ipresolve-V4
Ipresolve-V6
Ischedule-Version
Iv-Groups
Iv-User
Javascript
Jenkins
Keep-Alive
Kiss-Rpc
Label
Large-Allocation
Last-Event-Id
Last-Modified
Length-Required
Link
Local-Addr
Local-Content-Sha1
Local-Dir
Location
Lock-Token
Locked
Mail
Max-Conn
Max-Forwards
Max-Request-Size
Max-Uri-Length
Maxdataserviceversion
Message
Message-B
Meth-
Meth-Acl
Meth-Baseline-Control
Meth-Checkin
Meth-Checkout
Meth-Connect
Meth-Copy
Meth-Delete
Meth-Get
Meth-Head
Meth-Label
Meth-Lock
Meth-Merge
Meth-Mkactivity
Meth-Mkcol
Meth-Mkworkspace
Meth-Move
Meth-Options
Meth-Post
Meth-Propfind
Meth-Proppatch
Meth-Put
Meth-Report
Meth-Trace
Meth-Uncheckout
Meth-Unlock
Meth-Update
Meth-Version-Control
Method
Method-Not-Allowed
Mimetype
Mod-Env
Mod-Rewrite
Mod-Security-Message
Modauth
Mode
Module-Class
Module-Class-Path
Module-Name
Moved-Permanently
Moved-Temporarily
Ms-Asprotocolversion
Msg-None
Msg-Request
Msg-Response
Msisdn
Multi-Status
Multipart-Boundary
Multiple-Choices
My-Header
Mysqlport
Native-Sockets
Negotiate
Nl
No-Content
Non-Authoritative
Nonce
Not-Acceptable
Not-Exists
Not-Extended
Not-Found
Not-Implemented
Not-Modified
Notification-Template
Oc-Chunked
Ocs-Apirequest
Ok
On-Behalf-Of
Onerror-Continue
Onerror-Die
Onerror-Return
Opencart
Options
Organizer
Orig_path_info
Origin
Originator
Overwrite
Params-Allow-Comma
Params-Allow-Failure
Params-Default
Params-Get-Catid
Params-Get-Currentday
Params-Get-Disposition
Params-Get-Downwards
Params-Get-Givendate
Params-Get-Lang
Params-Get-Type
Params-Raise-Error
Partial-Content
Passkey
Password
Path
Path-Base
Path-Info
Path-Themes
Path-Translated
Payment-Required
Pc-Remote-Addr
Phone-Number
Php
Php-Auth-Pw
Php-Auth-User
Phpthreads
Pink-Pony
Port
Portsensor-Auth
Post
Post-Error
Post-Files
Post-Vars
Postredir-301
Postredir-302
Postredir-All
Pragma
Pragma-No-Cache
Precondition-Failed
Prefer
Processing
Profile
Protocol
Protocols
Proxy
Proxy-Agent
Proxy-Authenticate
Proxy-Authentication-Required
Proxy-Authorization
Proxy-Connection
Proxy-Host
Proxy-Http
Proxy-Http-1-0
Proxy-Password
Proxy-Port
Proxy-Pwd
Proxy-Request-Fulluri
Proxy-Socks4
Proxy-Socks4a
Proxy-Socks5
Proxy-Socks5-Hostname
Proxy-Url
Proxy-User
Public-Key-Pins
Public-Key-Pins-Report-Only
Pull
Put
Query-String
Querystring
Querystring-Type-Array
Querystring-Type-Bool
Querystring-Type-Float
Querystring-Type-Int
Querystring-Type-Object
Querystring-Type-String
Range
Range-Not-Satisfiable
Raw-Post-Data
Read-State-Begin
Read-State-Body
Read-State-Headers
Real-Ip
Real-Method
Reason
Reason-Phrase
Recipient
Redirect
Redirect-Found
Redirect-Perm
Redirect-Post
Redirect-Problem-Withoutwww
Redirect-Problem-Withwww
Redirect-Proxy
Redirect-Temp
Redirected-Accept-Language
Redirection-Found
Redirection-Multiple-Choices
Redirection-Not-Modified
Redirection-Permanent
Redirection-See-Other
Redirection-Temporary
Redirection-Unused
Redirection-Use-Proxy
Ref
Referer
Referer 
Referrer
Referrer-Policy
Refferer
Refresh
Remix-Hash
Remote-Addr
Remote-Host
Remote-Host-Wp
Remote-User
Remote-Userhttps
Report-To
Request
Request-Entity-Too-Large
Request-Error
Request-Error-File
Request-Error-Gzip-Crc
Request-Error-Gzip-Data
Request-Error-Gzip-Method
Request-Error-Gzip-Read
Request-Error-Proxy
Request-Error-Redirects
Request-Error-Response
Request-Error-Url
Request-Http-Ver-1-0
Request-Http-Ver-1-1
Request-Mbstring
Request-Method
Request-Method-
Request-Method-Delete
Request-Method-Get
Request-Method-Head
Request-Method-Options
Request-Method-Post
Request-Method-Put
Request-Method-Trace
Request-Time-Out
Request-Timeout
Request-Uri
Request-Uri-Too-Large
Request-Vars
Request2-Tests-Base-Url
Request2-Tests-Proxy-Host
Requesttoken
Reset-Content
Response
Rest-Key
Rest-Sign
Retry-After
Returned-Error
Rlnclientipaddr
Root
Safe-Ports-List
Safe-Ports-Ssl-List
Schedule-Reply
Scheme
Script-Name
Sec-Websocket-Accept
Sec-Websocket-Extensions
Sec-Websocket-Key
Sec-Websocket-Key1
Sec-Websocket-Key2
Sec-Websocket-Origin
Sec-Websocket-Protocol
Sec-Websocket-Version
Secretkey
See-Other
Self
Send-X-Frame-Options
Server
Server-Bad-Gateway
Server-Error
Server-Gateway-Timeout
Server-Internal
Server-Name
Server-Not-Implemented
Server-Port
Server-Port-Secure
Server-Protocol
Server-Service-Unavailable
Server-Software
Server-Unsupported-Version
Server-Vars
Server-Varsabantecart
Service-Unavailable
Session-Id-Tag
Session-Vars
Set-Cookie
Set-Cookie2
Shib-
Shib-Application-Id
Shib-Identity-Provider
Shib-Logouturl
Shopilex
Slug
Sn
Soapaction
Socket-Connection-Err
Socketlog
Somevar
Sourcemap
Sp-Client
Sp-Host
Ssl
Ssl-Https
Ssl-Offloaded
Ssl-Session-Id
Ssl-Version-Any
Sslsessionid
Start
Status
Status-
Status-403
Status-403-Admin-Del
Status-404
Status-Bad-Request
Status-Code
Status-Forbidden
Status-Ok
Status-Platform-403
Str-Match
Strict-Transport-Security
Success-Accepted
Success-Created
Success-No-Content
Success-Non-Authoritative
Success-Ok
Success-Partial-Content
Success-Reset-Content
Support
Support-Encodings
Support-Events
Support-Magicmime
Support-Requests
Support-Sslrequests
Surrogate-Capability
Switching-Protocols
Te
Temporary-Redirect
Test
Test-Config
Test-Server-Path
Test-Something-Anything
Ticket
Time-Out
Timeout
Timing-Allow-Origin
Title
Tk
Tmp
Token
Trailer
Transfer-Encoding
Translate
Transport-Err
True-Client-Ip
Ua
Ua-Color
Ua-Cpu
Ua-Os
Ua-Pixels
Ua-Resolution
Ua-Voice
Unauthorized
Unencoded-Url
Unit-Test-Mode
Unless-Modified-Since
Unprocessable-Entity
Unsupported-Media-Type
Upgrade
Upgrade-Insecure-Requests
Upgrade-Required
Upload-Default-Chmod
Uri
Url
Url-From-Env
Url-Join-Path
Url-Join-Query
Url-Replace
Url-Sanitize-Path
Url-Strip-
Url-Strip-All
Url-Strip-Auth
Url-Strip-Fragment
Url-Strip-Pass
Url-Strip-Path
Url-Strip-Port
Url-Strip-Query
Url-Strip-User
Use-Gzip
Use-Proxy
User
User-Agent
User-Agent-Via
User-Email
User-Id
User-Mail
User-Name
User-Photos
Useragent
Useragent-Via
Util
Variant-Also-Varies
Vary
Verbose
Verbose-Throttle
Verify-Cert
Version
Version-1-0
Version-1-1
Version-Any
Version-None
Version-Not-Supported
Versioncode
Via
Viad
Waf-Stuff-Below
Wap-Connection
Warning
Web-Server-Api
Webodf-Member-Id
Webodf-Session-Id
Webodf-Session-Revision
Work-Directory
Www-Address
Www-Authenticate
X
X_alto_ajax_key
X-
X-Aastra-Expmod1
X-Aastra-Expmod2
X-Aastra-Expmod3
X-Accel-Mapping
X-Access-Token
X-Advertiser-Id
X-Ajax-Real-Method
X-Alto-Ajax-Keyz
X-Amz-Date
X-Amz-Website-Redirect-Location
X-Amzn-Remapped-Host
X-Api-Key
X-Api-Signature
X-Api-Timestamp
X-Apitoken
X-Apple-Client-Application
X-Apple-Store-Front
X-Arr-Log-Id
X-Arr-Ssl
X-Att-Deviceid
X-Auth-Key
X-Auth-Mode
X-Auth-Password
X-Auth-Service-Provider
X-Auth-Token
X-Auth-User
X-Auth-Userid
X-Auth-Username
X-Authentication
X-Authentication-Key
X-Authorization
X-Avantgo-Screensize
X-Azc-Remote-Addr
X-Bear-Ajax-Request
X-Bluecoat-Via
X-Bolt-Phone-Ua
X-Browser-Height
X-Browser-Width
X-Cascade
X-Cept-Encoding
X-Cf-Url
X-Chrome-Extension
X-Cisco-Bbsm-Clientip
X-Client-Host
X-Client-Id
X-Client-Ip
X-Client-Key
X-Client-Os
X-Client-Os-Ver
X-Clientip
X-Cluster-Client-Ip
X-Codeception-Codecoverage
X-Codeception-Codecoverage-Config
X-Codeception-Codecoverage-Debug
X-Codeception-Codecoverage-Suite
X-Collect-Coverage
X-Coming-From
X-Confirm-Delete
X-Content-Type
X-Content-Type-Options
X-Credentials-Request
X-Csrf-Crumb
X-Csrf-Token
X-Csrftoken
X-Cuid
X-Custom
X-Dagd-Proxy
X-Davical-Testcase
X-Dcmguid
X-Debug-Test
X-Device-User-Agent
X-Dialog
X-Dns-Prefetch-Control
X-Do-Not-Track
X-Dokuwiki-Do
X-Drestcg
X-Dsid
X-Elgg-Apikey
X-Elgg-Hmac
X-Elgg-Hmac-Algo
X-Elgg-Nonce
X-Elgg-Posthash
X-Elgg-Posthash-Algo
X-Elgg-Time
X-Em-Uid
X-Enable-Coverage
X-Environment-Override
X-Expected-Entity-Length
X-Experience-Api-Version
X-Fb-User-Remote-Addr
X-File-Id
X-File-Name
X-File-Resume
X-File-Size
X-File-Type
X-Filename
X-Firelogger
X-Fireloggerauth
X-Firephp-Version
X-Flash-Version
X-Flx-Consumer-Key
X-Flx-Consumer-Secret
X-Flx-Redirect-Url
X-Foo
X-Foo-Bar
X-Forward-For
X-Forward-Proto
X-Forwarded
X-Forwarded-By
X-Forwarded-For
X-Forwarded-For-Original
X-Forwarded-Host
X-Forwarded-Port
X-Forwarded-Proto
X-Forwarded-Protocol
X-Forwarded-Scheme
X-Forwarded-Server
X-Forwarded-Ssl
X-Forwarded-Ssl
X-Forwarded-Context
X-Forwarder-For
X-Forwarded-Path-Prefix
X-Base-Path
X-From
X-Gb-Shared-Secret
X-Geoip-Country
X-Get-Checksum
X-Helpscout-Event
X-Helpscout-Signature
X-Hgarg-
X-Host
X-Http-Destinationurl
X-Http-Host-Override
X-Http-Method
X-Http-Method-Override
X-Http-Path-Override
X-Https
X-Htx-Agent
X-Huawei-Userid
X-Hub-Signature
X-If-Unmodified-Since
X-Imbo-Test-Config
X-Insight
X-Ip
X-Ip-Trail
X-Iwproxy-Nesting
X-Jphone-Color
X-Jphone-Display
X-Jphone-Geocode
X-Jphone-Msname
X-Jphone-Uid
X-Json
X-Kaltura-Remote-Addr
X-Known-Signature
X-Known-Username
X-Litmus
X-Litmus-Second
X-Locking
X-Machine
X-Mandrill-Signature
X-Method-Override
X-Mobile-Gateway
X-Mobile-Ua
X-Mosso-Dt
X-Moz
X-Ms-Policykey
X-Msisdn
X-Myqee-System-Debug
X-Myqee-System-Hash
X-Myqee-System-Isadmin
X-Myqee-System-Isrest
X-Myqee-System-Pathinfo
X-Myqee-System-Project
X-Myqee-System-Rstr
X-Myqee-System-Time
X-Network-Info
X-Nfsn-Https
X-Ning-Request-Uri
X-Nokia-Bearer
X-Nokia-Connection-Mode
X-Nokia-Gateway-Id
X-Nokia-Ipaddress
X-Nokia-Msisdn
X-Nokia-Wia-Accept-Original
X-Nokia-Wtls
X-Nuget-Apikey
X-Oc-Mtime
X-Opera-Info
X-Operamini-Features
X-Operamini-Phone
X-Operamini-Phone-Ua
X-Options
X-Orange-Id
X-Orchestra-Scheme
X-Orig-Client
X-Original-Host
X-Original-Http-Command
X-Original-Remote-Addr
X-Original-Url
X-Original-User-Agent
X-Originally-Forwarded-For
X-Originally-Forwarded-Proto
X-Originating-Ip
X-Os-Prefs
X-Overlay
X-Pagelet-Fragment
X-Password
X-Phabricator-Csrf
X-Phpbb-Using-Plupload
X-Pjax
X-Pjax-Container
X-Prototype-Version
X-Proxy-Url
X-Pswd
X-Purpose
X-Qafoo-Profiler
X-Real-Ip
X-Remote-Addr
X-Remote-Protocol
X-Render-Partial
X-Request
X-Request-Id
X-Request-Signature
X-Request-Start
X-Request-Timestamp
X-Requested-With
X-Response-Format
X-Rest-Cors
X-Rest-Password
X-Rest-Username
X-Rewrite-Url
X-Sakura-Forwarded-For
X-Scalr-Auth-Key
X-Scalr-Auth-Token
X-Scalr-Env-Id
X-Scanner
X-Scheme
X-Screen-Height
X-Screen-Width
X-Sendfile-Type
X-Serial-Number
X-Serialize
X-Server-Id
X-Server-Name
X-Server-Port
X-Signature
X-Sina-Proxyuser
X-Skyfire-Phone
X-Skyfire-Screen
X-Ssl
X-Subdomain
X-Te
X-Teamsite-Preremap
X-Test-Session-Id
X-Timer
X-Tine20-Jsonkey
X-Tine20-Request-Type
X-Tomboy-Client
X-Tor
X-Twilio-Signature
X-Ua-Device
X-Ucbrowser-Device-Ua
X-Uidh
X-Unique-Id
X-Uniquewcid
X-Up-Calling-Line-Id
X-Up-Devcap-Iscolor
X-Up-Devcap-Screendepth
X-Up-Devcap-Screenpixels
X-Up-Subno
X-Update
X-Update-Range
X-Upload-Maxresolution
X-Upload-Name
X-Upload-Size
X-Upload-Type
X-Url-Scheme
X-User
X-User-Agent
X-Username
X-Varnish
X-Verify-Credentials-Authorization
X-Vodafone-3gpdpcontext
X-Wap-Client-Sdu-Size
X-Wap-Clientid
X-Wap-Gateway
X-Wap-Network-Client-Ip
X-Wap-Network-Client-Msisdn
X-Wap-Profile
X-Wap-Proxy-Cookie
X-Wap-Session-Id
X-Wap-Tod
X-Wap-Tod-Coded
X-Whatever
X-Wikimedia-Debug
X-Wp-Nonce
X-Wp-Pjax-Prefetch
X-Ws-Api-Key
X-Xc-Schema-Version
X-Xhprof-Debug
X-Xhr-Referer
X-Xmlhttprequest
X-Xpid
X-Zikula-Ajax-Token
X-Zotero-Version
X-Ztgo-Bearerinfo
Xauthorization
Xonnection
Xpdb-Debugger
Xproxy
Xroxy-Connection
Xxx-Real-Ip
Xxxxxxxxxxxxxxx
Y
Zotero-Api-Version
Zotero-Write-Token
accept
accept-charset
accept-encoding
accept-language
accept-ranges
access-control-allow-credentials
access-control-allow-headers
access-control-allow-methods
access-control-allow-origin
access-control-expose-headers
access-control-max-age
access-control-request-headers
access-control-request-method
age
akamai-client-ip
allow
authorization
authenticate
cache-control
connection
contact
content-disposition
content-encoding
content-language
content-length
content-location
content-range
content-security-policy
content-security-policy-report-only
content-type
cookie
cookie2
dnt
date
destination
etag
expires
forwarded
from
host
if-match
if-modified-since
if-none-match
if-range
if-unmodified-since
keep-alive
large-allocation
last-modified
location
origin
pragma
profile
proxy-authenticate
proxy-authorization
public-key-pins
public-key-pins-report-only
range
referer
referrer-policy
report-to
retry-after
server
set-cookie
set-cookie2
sourcemap
strict-transport-security
te
timing-allow-origin
tk
trailer
transfer-encoding
upgrade-insecure-requests
user-agent
vary
via
www-authenticate
warning
x-content-type-options
x-dns-prefetch-control
x-forwarded-for
x-forwarded-host
x-forwarded-proto
x-forwarded-port
x-forwarded-prefix
front-end-https
x-forwarded-protocol
x-forwarded-ssl
x-url-scheme
x-cluster-client-ip
x-forwarded-server
proxy-host
x-wap-profile
x-original-url
x-rewrite-url
x-http-destinationurl
proxy-connection
x-uidh
true-client-ip
request-uri
orig_path_info
client-ip
x-real-ip
x-originating-ip
cf-ipcountry
cf-visitor
remote-userhttps
server-software
web-server-api
remote-addr
remote-host
remote-user
request-method
script-name
path-info
unencoded-url
x-arr-ssl
x-arr-log-id
soapaction
x-original-http-command
x-server-name
x-server-port
query-string
auth-password
auth-type
auth-user
cert-cookie
cert-flags
cert-issuer
cert-keysize
cert-secretkeysize
cert-serialnumber
cert-server-issuer
cert-server-subject
cert-subject
cf-template-path
context-path
gateway-interface
https-keysize
https-secretkeysize
https-server-issuer
https-server-subject
http-accept
http-accept-encoding
http-accept-language
http-connection
http-cookie
http-host
http-referer
http-url
http-user-agent
local-addr
path-translated
server-name
server-port
server-port-secure
server-protocol
cloudfront-viewer-country
x-scheme
x-cascade
x-http-method-override
x-http-path-override
x-http-host-override
x-http-method
x-method-override
x-cf-url
php-auth-user
php-auth-pw
error
post-vars
raw-post-data
proxy-request-fulluri
request
server-varsabantecart
accept-application
accept-auth
accept-encodxng
accept-version
action
admin
akamai-origin-hop
app
app-key
apply-to-redirect-ref
atcept-language
auth-digest-ie
auth-key
auth-realm
base-url
bearer-indication
browser-user-agent
case-files
category
ch
challenge-response
charset
client-address
client-bad-request
client-conflict
client-error-connect
client-expectation-failed
client-forbidden
client-gone
client-length-required
client-method-not-allowed
client-not-acceptable
client-not-found
client-payment-required
client-precondition-failed
client-proxy-auth-required
client-quirk-mode
client-requested-range-not-possible
client-request-timeout
client-request-too-large
client-request-uri-too-large
client-unauthorized
client-unsupported-media-type
cloudinary-name
cloudinary-public-id
cloudinaryurl
cloudinary-version
compress
connection-type
content
content-type-xhtml
cookies
core-base
credentials-filepath
curl
curl-multithreaded
custom-secret-header
dataserviceversion
destroy
devblocksproxybase
devblocksproxyhost
devblocksproxyssl
digest
dir
dir-name
dir-resource
disable-gzip
dkim-signature
download-bad-url
download-cut-short
download-mime-type
download-no-server
download-size
download-status-not-found
download-status-server-error
download-status-unauthorized
download-status-unknown
download-url
env-silla-environment
espo-authorization
espo-cgi-auth
eve-charid
eve-charname
eve-solarsystemid
eve-solarsystemname
ex-copy-movie
ext
fake-header
fastly-client-ip
fb-appid
fb-secret
filename
file-not-found
files
files-vars
foo-bar
force-language
force-local-xhprof
forwarded-proto
fromlink
givenname
global-all
global-cookie
global-get
global-post
google-code-project-hosting-hook-hmac
h0st
home
host-liveserver
host-name
host-unavailable
http-authorization
if-modified-since-version
if-posted-before
if-unmodified-since-version
images
info
ischedule-version
iv-groups
iv-user
jenkins
kiss-rpc
last-event-id
local-dir
mail
max-conn
maxdataserviceversion
max-request-size
max-uri-length
message
message-b
mode
mod-env
mod-security-message
module-class
module-class-path
module-name
ms-asprotocolversion
msisdn
my-header
mysqlport
native-sockets
nonce
not-exists
notification-template
onerror-return
organizer
params-get-catid
params-get-currentday
params-get-disposition
params-get-downwards
params-get-givendate
params-get-lang
params-get-type
passkey
path-base
path-themes
phpthreads
portsensor-auth
post-error
postredir-301
postredir-302
postredir-all
protocol
protocols
proxy-agent
proxy-http-1-0
proxy-pwd
proxy-socks4a
proxy-socks5-hostname
proxy-url
pull
querystring
realip
real-ip
real-method
reason
reason-phrase
redirected-accept-language
redirection-found
redirection-multiple-choices
redirection-not-modified
redirection-permanent
redirection-see-other
redirection-temporary
redirection-unused
redirection-use-proxy
redirect-problem-withoutwww
redirect-problem-withwww
ref
refresh
remix-hash
remote-host-wp
response
rest-key
returned-error
rlnclientipaddr
safe-ports-list
safe-ports-ssl-list
schedule-reply
sec-websocket-accept
sec-websocket-extensions
sec-websocket-key1
sec-websocket-key2
sec-websocket-origin
sec-websocket-protocol
sec-websocket-version
self
send-x-frame-options
server-bad-gateway
server-error
server-gateway-timeout
server-internal
server-not-implemented
server-service-unavailable
server-unsupported-version
session-id-tag
shib-identity-provider
shib-logouturl
shopilex
sn
socketlog
somevar
sp-client
ssl-offloaded
sslsessionid
ssl-session-id
status-403
status-403-admin-del
status-404
status-code
status-platform-403
success-accepted
success-created
success-no-content
success-non-authoritative
success-ok
success-partial-content
success-reset-content
test
test-config
test-server-path
test-something-anything
ticket
time-out
tmp
translate
ua-color
ua-resolution
ua-voice
unit-test-mode
upgrade
uri
url-sanitize-path
use-gzip
useragent-via
user-email
user-id
user-photos
util
verbose
versioncode
x-aastra-expmod1
x-aastra-expmod2
x-aastra-expmod3
x-accel-mapping
x-advertiser-id
x-ajax-real-method
x-alto-ajax-keyz
x-api-signature
x-api-timestamp
x-apple-client-application
x-apple-store-front
x-authentication
x-authentication-key
x-auth-mode
x-authorization
x-auth-password
x-auth-service-provider
x-auth-token
x-auth-userid
x-auth-username
x-avantgo-screensize
x-azc-remote-addr
x-bear-ajax-request
x-bluecoat-via
x-browser-height
x-browser-width
x-cache
x-cept-encoding
x-chrome-extension
x-cisco-bbsm-clientip
x-client-host
x-client-id
x-clientip
x-client-key
x-client-os
x-client-os-ver
x-collect-coverage
x-credentials-request
x-csrf-crumb
x-cuid
x-custom
x-dagd-proxy
x-davical-testcase
x-debug-test
x-dialog
x-drestcg
x-dsid
x-enable-coverage
x-environment-override
x-experience-api-version
x-fb-user-remote-addr
x-file-id
x-file-resume
x-foo-bar
x-forwarded-for-original
x-forwarder-for
x-forward-proto
x-from
x-gb-shared-secret
x-geoip-country
x-get-checksum
x-helpscout-event
x-host
x-https
x-htx-agent
x-if-unmodified-since
x-imbo-test-config
x-insight
x-ip
x-ip-trail
x-iwproxy-nesting
x-jphone-color
x-jphone-geocode
x-kaltura-remote-addr
x-known-signature
x-known-username
x-litmus-second
x-machine
x-mandrill-signature
x-mobile-ua
x-mosso-dt
x-msisdn
x-ms-policykey
x-myqee-system-debug
x-myqee-system-hash
x-myqee-system-isadmin
x-myqee-system-isrest
x-myqee-system-pathinfo
x-myqee-system-project
x-myqee-system-rstr
x-myqee-system-time
x-network-info
x-nfsn-https
x-ning-request-uri
x-nokia-connection-mode
x-nokia-msisdn
x-nokia-wia-accept-original
x-nokia-wtls
x-nuget-apikey
x-opera-info
x-operamini-features
x-orchestra-scheme
x-orig-client
x-original-host
x-originally-forwarded-for
x-originally-forwarded-proto
x-original-remote-addr
x-overlay
x-pagelet-fragment
x-password
xpdb-debugger
x-phabricator-csrf
x-phpbb-using-plupload
xproxy
x-proxy-url
x-pswd
x-qafoo-profiler
x-remote-protocol
x-render-partial
x-request
x-request-id
x-request-start
x-response-format
x-rest-cors
x-sakura-forwarded-for
x-scalr-auth-key
x-scalr-auth-token
x-scalr-env-id
x-screen-height
x-screen-width
x-sendfile-type
x-serialize
x-serial-number
x-server-id
x-sina-proxyuser
x-skyfire-screen
x-ssl
x-subdomain
x-teamsite-preremap
x-test-session-id
x-tine20-jsonkey
x-tine20-request-type
x-tomboy-client
x-tor
x-twilio-signature
x-uniquewcid
x-up-calling-line-id
x-up-devcap-screendepth
x-upload-content-type
x-upload-maxresolution
x-upload-name
x-upload-size
x-upload-type
x-user-agent
x-username
x-verify-credentials-authorization
x-wap-client-sdu-size
x-wap-gateway
x-wap-network-client-ip
x-wap-network-client-msisdn
x-wap-proxy-cookie
x-wap-session-id
x-wap-tod
x-wap-tod-coded
x-wopi-override
x-wikimedia-debug
x-wp-pjax-prefetch
x-ws-api-key
x-xc-schema-version
x-xhprof-debug
x-xhr-referer
x-xmlhttprequest
x-xpid
xxx-real-ip
xxxxxxxxxxxxxxx
x-zikula-ajax-token
x-zotero-version
x-ztgo-bearerinfo
y
zotero-api-version
zotero-write-token
access-token
ajax
app-env
bae-env-addr-bcms
bae-env-addr-bus
bae-env-addr-channel
bae-logid
basic
catalog
clientip
debug
delete
enable-gzip
enable-no-cache-headers
error-1
error-2
error-3
error-4
eve-trusted
fire-breathing-dragon
format
gzip-level
head
hosti
htaccess
image
incap-client-ip
local-content-sha1
on-behalf-of
options
password
pink-pony
proxy-password
put
request2-tests-base-url
request2-tests-proxy-host
request-timeout
rest-sign
root
support-events
token
user
useragent
user-mail
user-name
version-none
viad
x
x-access-token
x-amz-date
x-amz-server-side-encryption
x-auth-key
x-auth-user
x-confirm-delete
x-do-not-track
x-elgg-nonce
x-expected-entity-length
x-filename
x-flash-version
x-flx-consumer-key
x-flx-consumer-secret
x-flx-redirect-url
x-forwarded-scheme
x-jphone-msname
x-options
x-os-prefs
x-pjax-container
x-request-timestamp
x-rest-password
x-rest-username
x-te
x-unique-id
x-up-devcap-iscolor
accesskey
auth-any
auth-basic
auth-digest
auth-gssneg
auth-ntlm
code
cookie-httponly
cookie-parse-raw
cookie-secure
deflate-level-def
deflate-level-max
deflate-level-min
deflate-strategy-def
deflate-strategy-filt
deflate-strategy-fixed
deflate-strategy-huff
deflate-strategy-rle
deflate-type-gzip
deflate-type-raw
deflate-type-zlib
e-encoding
e-header
e-invalid-param
e-malformed-headers
e-message-type
encoding-stream-flush-full
encoding-stream-flush-none
encoding-stream-flush-sync
e-querystring
e-request
e-request-method
e-request-pool
e-response
e-runtime
e-socket
e-url
get
header
http-phone-number
ipresolve-any
ipresolve-v4
ipresolve-v6
link
meth-acl
meth-baseline-control
meth-checkin
meth-checkout
meth-connect
meth-copy
meth-label
meth-lock
meth-merge
meth-mkactivity
meth-mkcol
meth-mkworkspace
meth-move
meth-options
meth-propfind
meth-proppatch
meth-report
meth-trace
meth-uncheckout
meth-unlock
meth-update
meth-version-control
msg-none
msg-request
msg-response
oc-chunked
ocs-apirequest
params-allow-comma
params-allow-failure
params-default
params-raise-error
path
phone-number
pragma-no-cache
proxy-http
proxy-socks4
proxy-socks5
querystring-type-array
querystring-type-bool
querystring-type-float
querystring-type-int
querystring-type-object
querystring-type-string
redirect
redirect-found
redirect-perm
redirect-post
redirect-proxy
redirect-temp
refferer
requesttoken
sec-ch-ua
sec-ch-ua-arch
sec-ch-ua-bitness
sec-ch-ua-full-version-list
sec-ch-ua-mobile
sec-ch-ua-model
sec-ch-ua-platform
sec-ch-ua-platform-version
sec-fetch-dest
sec-fetch-mode
sec-fetch-site
sec-fetch-user
sec-websocket-key
sp-host
ssl
ssl-version-any
status-bad-request
status-forbidden
support
support-encodings
support-magicmime
support-requests
support-sslrequests
surrogate-capability
ua
upload-default-chmod
url
url-from-env
verbose-throttle
version-1-0
version-1-1
version-any
webodf-member-id
webodf-session-id
webodf-session-revision
work-directory
x-api-key
x-apitoken
x-csrftoken
x-elgg-apikey
x-elgg-hmac
x-elgg-hmac-algo
x-elgg-posthash
x-elgg-posthash-algo
x-elgg-time
x-foo
x-forwarded-by
x-json
x-litmus
x-locking
x-oc-mtime
x-remote-addr
x-request-signature
x-ua-device
x-update-range
x-varnish
x-wp-nonce
auth
brief
chunk-size
client
download-attachment
download-bz2
download-e-headers-sent
download-e-invalid-archive-type
download-e-invalid-content-type
download-e-invalid-file
download-e-invalid-param
download-e-invalid-request
download-e-invalid-resource
download-e-no-ext-mmagic
download-e-no-ext-zlib
download-inline
download-tar
download-tgz
download-zip
header-lf
header-status-client-error
header-status-informational
header-status-redirect
header-status-server-error
header-status-successful
https-from-lb
meth-delete
meth-head
meth-post
multipart-boundary
originator
php
recipient
request-error
request-vars
secretkey
status-ok
xauthorization
x-codeception-codecoverage
x-codeception-codecoverage-config
x-codeception-codecoverage-debug
x-codeception-codecoverage-suite
x-csrf-token
x-dokuwiki-do
x-helpscout-signature
x-nokia-bearer
xonnection
x-purpose
xroxy-connection
x-user
bae-env-appid
catalog-server
cookie-path
custom-header
forwarded-for-ip
meth-get
meth-put
opencart
unless-modified-since
www-address
x-content-type
x-hub-signature
x-signature
bae-env-addr-sql-ip
bae-env-addr-sql-port
cache-info
client-error-cannot-access-local-file
client-error-cannot-connect
client-error-communication-failure
client-error-invalid-parameters
client-error-invalid-server-address
client-error-no-error
client-error-protocol-failure
client-error-unspecified-error
error-formatting-html
lock-token
onerror-continue
onerror-die
overwrite
prefer
shib-application-id
x-fireloggerauth
cookie-domain
https
modauth
port
post
read-state-begin
read-state-body
read-state-headers
socket-connection-err
str-match
transport-err
coming-from
nl
ua-pixels
x-coming-from
x-jphone-display
x-up-devcap-screenpixels
x-whatever
appname
proxy-port
version
x-forward-for
proxy-user
x-em-uid
x-file-type
bar
proxy
timeout
referrer
x-jphone-uid
x-file-size
accepted
appcookie
bad-gateway
bae-env-addr-bcs
conflict
continue
created
expectation-failed
failed-dependency
gateway-time-out
gone
insufficient-storage
internal-server-error
length-required
locked
method-not-allowed
moved-permanently
moved-temporarily
multiple-choices
multi-status
no-content
non-authoritative
not-acceptable
not-extended
not-implemented
not-modified
partial-content
payment-required
precondition-failed
processing
proxy-authentication-required
range-not-satisfiable
request-entity-too-large
request-time-out
request-uri-too-large
reset-content
see-other
service-unavailable
switching-protocols
temporary-redirect
unprocessable-entity
unsupported-media-type
upgrade-required
use-proxy
variant-also-varies
version-not-supported
x-operamini-phone
bad-request
forbidden
unauthorized
user-agent-via
appversion
not-found
x-pjax
cf-connecting-ip
x-dcmguid
foo
info-download-size
info-download-time
info-return-code
info-total-request-stat
info-total-response-stat
x-firelogger
content-md5
x-up-subno
bae-env-ak
bae-env-sk
if
ok
url-join-path
url-join-query
url-replace
url-strip-all
url-strip-auth
url-strip-fragment
url-strip-pass
url-strip-path
url-strip-port
url-strip-query
url-strip-user
depth
x-file-name
x-moz
x-ucbrowser-device-ua
device-stock-ua
mod-rewrite
x-nokia-ipaddress
x-bolt-phone-ua
x-original-user-agent
x-skyfire-phone
title
ssl-https
request-error-file
request-error-gzip-crc
request-error-gzip-data
request-error-gzip-method
request-error-gzip-read
request-error-proxy
request-error-redirects
request-error-response
request-error-url
slug
x-att-deviceid
authentication
x-firephp-version
x-mobile-gateway
request-mbstring
x-device-user-agent
x-huawei-userid
x-orange-id
x-vodafone-3gpdpcontext
x-wap-clientid
ua-cpu
wap-connection
x-nokia-gateway-id
ua-os
body-maxlength
body-truncated
max-forwards
mimetype
verify-cert
request-http-ver-1-0
request-http-ver-1-1
request-method-delete
request-method-get
request-method-head
request-method-options
request-method-post
request-method-put
request-method-trace
x-operamini-phone-ua
status
x-update
method
forwarded-for
x-forwarded
scheme
x-client-ip
x-prototype-version
clientaddress
base
pc-remote-addr
post-files
session-vars
cookie-vars
env-vars
get-vars
server-vars
x-requested-with
alt-used
command
__requesturi
__requestverb
x-http-status-code-override
x-amzn-remapped-host
x-amz-website-redirect-location
x-up-devcap-post-charset
http_sm_authdirname
http_sm_authdirnamespace
http_sm_authdirnode
http_sm_authdirserver
http_sm_authreason
http_sm_authtype
http_sm_dominocn
http_sm_realm
http_sm_realmoid
http_sm_sdomain
http_sm_serveridentityspec
http_sm_serversessionid
http_sm_serversessionspec
http_sm_sessiondrift
http_sm_timetoexpire
http_sm_transactionid
http_sm_universalid
http_sm_user
http_sm_userdn
http_sm_usermsg
x-remote-ip
traceparent
tracestate
x-user-ip
x-proxied-user-ip
x-proxyuser-ip
cast-device-capabilities
content-transfer-encoding
developer-token
financial-institution-id
gdata-version
hotrod-board-name
hotrod-chrome-cpu-model
hotrod-chrome-processors
linked-customer-id
login-customer-id
mime-version
origintoken
request-id
unzipped-content-md5
want-digest
x-ad-manager-debug-info
x-ad-manager-impersonation
x-alkali-account-key
x-alkali-application-key
x-alkali-auth-apps-namespace
x-alkali-auth-entities-namespace
x-alkali-auth-entity
x-alkali-client-locale
x-android-cert
x-android-package
x-ariane-xsrf-token
x-chrome-connected
x-client-data
x-client-version
x-clientdetails
x-compass-routing-destination
x-correlation-id
x-debug-tracking-id
x-earth-engine-app-id-token
x-earth-engine-computation-profile
x-earth-engine-computation-profiling
x-firebase-appcheck
x-firebase-auth-token
x-firebase-client
x-firebase-client-log-type
x-firebase-gmpid
x-firebase-locale
x-firebase-token
x-foyer-client-environment
x-framework-xsrf-token
x-gdata-client
x-gdata-key
x-geo
x-ios-bundle-identifier
x-javascript-user-agent
x-origin
x-pan-versionid
x-referer
x-rfui-request-context
x-sdm-id-token
x-server-object-version
x-server-timeout
x-server-token
x-sfdc-authorization
x-stadia-client-context
x-upload-content-length
x-use-alt-service
x-use-http-status-code-override
x-now-route-matches
x-invoke-status
x-invoke-query
x-invoke-error
x-invoke-output
x-invoke-path
x-middleware-invoke
x-middleware-prefetch
X_FORWARDED_PROTO
X-Forwarded-Proto-Override
X-Forwarded-Proto-orig
X-Forwarded-Proto-Version
x-wf-forwarded-proto
X-Forwarded-SSL
X-Forwarded-Method
X-Forwarded-Timeout
X-Frame-Options
X-Forwarded-User
X-Forwarded-URI
Orig-path-info
X-Forwarded-Access-Token
X-Forwarded-Session-ID
X-Forwarded-Client-Cert
handle
Unencoded-URL
x-forwarded-url
fastly-ssl
fastly-host
fastly-ff
api-version
acunetix-header
Cache_info
Client-IP
Coming_from
Connect_via_ip
Forwarded-For-IP
Forwarded_for
Forwarded_for_ip
Forward-For
Forward_for
Http-Client-Ip
Http-Forwarded-For-Ip
Http-Pc-Remote-Addr
Http-Proxy-Connection
Http-Via
Http-Xroxy-Connection
Http-X-Forwarded-For-Ip
Http-X-Imforwards
Pc_remote_addr
Proxy-Client-Ip
Proxy_authorization
Proxy_connection
Remote_addr
Source-Ip
Wl-Proxy-Client-Ip
Xproxy_connection
X-Backend-Host
X-Cache-Info
X-Client-IP
X-Custom-IP-Authorization
Y-Forwarded-For
X-Forwared-Host
X-From-Ip
X-Gateway-Host
X-Originating-IP
X-Proxymesh-Ip
X-Proxyuser-Ip
X-Remote-IP
X-True-IP
X_cluster_client_ip
X_coming_from
X_delegate_remote_host
X_forwarded
X_forwarded_for_ip
X_imforwards
X_locking
X_looking
X_real_ip
Zcache_control
Z-Forwarded-For
x-nextjs-cache
X-Echo-Set-Header
Cache-Tag
IIS-wasurlrewritten
X-CF-APP-INSTANCE
X-Custom-Header
X-Vhm-Root
zTRANSFER-ENCODING
Rsc
Content-Warning
x-amz-notification-configuration
CF-Device-Type
X-Backend-Server
X-WAF-Events
X-Incap-Request-ID
X-Incap-Signature
X-Iinfo
X-CDN
X-Imperva-ID
X-Block-ID
X-Incap-Client-IP
X-Weebly-Request-ID
X-Weebly-Site-ID
X-Contentful-User-Agent
X-Contentful-Request-Id
X-Contentful-Content-Type
X-Wix-Request-ID
X-Seen-By
X-Wix-Published-Version
X-Wix-Server-Artifact
X-Wix-Renderer-Server
X-Wix-Correlation-Id
X-Wix-Shard-ID
X-TYPO3-Domain
X-TYPO3-Sitename
X-Tengine-Forwarded-For
X-Tengine-Request-ID
Region
X-Country-Code